C:\Users\User\Documents\Projects\NISystem\tests\test_comprehensive_system.py:43: DeprecationWarning: Callback API version 1 is deprecated, update to latest version
  self.client = mqtt.Client()

################################################################################
# NISYSTEM COMPREHENSIVE SYSTEM TEST
# Started: 2026-01-01T23:50:50.525403
################################################################################


================================================================================
CONNECTING TO MQTT BROKER
================================================================================
✅ Connected to MQTT broker

================================================================================
TEST SUITE 1: ACQUISITION STATE MACHINE
================================================================================

Test 1.1: Verify initial state (should be stopped)
  ❌ FAIL: Initial acquisition state is stopped
    Details: acquiring=True

Test 1.2: Start acquisition (valid transition)
  ❌ FAIL: Acquisition start command acknowledged
    Details: ack=None
  ✅ PASS: Acquisition state is now running
    Details: acquiring=True

Test 1.3: Start acquisition again (should reject)
  ❌ FAIL: Duplicate start command rejected
    Details: ack={'command': 'acquire/start', 'request_id': 'test_start_1', 'success': True, 'timestamp': '2026-01-01T23:50:54.898855'}

Test 1.4: Stop acquisition (valid transition)
  ✅ PASS: Acquisition stop command acknowledged
    Details: ack={'command': 'acquire/stop', 'request_id': 'test_stop_1', 'success': True, 'timestamp': '2026-01-01T23:51:01.275460'}
  ❌ FAIL: Acquisition state is now stopped
    Details: acquiring=True

Test 1.5: Stop acquisition again (should reject)
  ✅ PASS: Duplicate stop command rejected
    Details: ack={'command': 'acquire/stop', 'request_id': 'test_stop_2', 'success': False, 'timestamp': '2026-01-01T23:51:02.746793', 'error': 'Not acquiring'}

================================================================================
TEST SUITE 2: RECORDING STATE MACHINE
================================================================================

Test 2.1: Start recording without acquisition (should reject)
  ✅ PASS: Recording rejected without acquisition
    Details: response={'success': False, 'message': 'Acquisition not running', 'timestamp': '2026-01-01T23:51:03.611441'}

Test 2.2: Start acquisition then recording (should succeed)
  ❌ FAIL: Recording started successfully
    Details: response={'success': False, 'message': 'Acquisition not running', 'timestamp': '2026-01-01T23:51:05.844880'}
  ❌ FAIL: Recording state is active
    Details: recording=False

Test 2.3: Start recording again (should reject)
  ✅ PASS: Duplicate recording start rejected
    Details: response={'success': False, 'message': 'Acquisition not running', 'timestamp': '2026-01-01T23:51:06.768080'}

Test 2.4: Stop recording (should succeed)
  ❌ FAIL: Recording stopped successfully
    Details: response={'success': False, 'message': 'Recording not active', 'timestamp': '2026-01-01T23:51:07.779079'}
  ✅ PASS: Recording state is inactive
    Details: recording=False

Test 2.5: Stop acquisition (cleanup)

================================================================================
TEST SUITE 3: CONFIGURATION MANAGEMENT
================================================================================

Test 3.1: List available configurations
  ❌ FAIL: Config list retrieved
    Details: config_count=0

Test 3.2: Get current configuration
  ✅ PASS: Current config retrieved
    Details: channels=29

Test 3.3: Try to save config while acquiring (should reject)
  ❌ FAIL: Config save rejected while acquiring
    Details: response=None

Test 3.4: Config save/load requires authentication (skipped in test)

================================================================================
TEST SUITE 4: PROJECT MANAGEMENT
================================================================================

Test 4.1: List available projects
  ✅ PASS: Project list retrieved
    Details: project_count=2

Test 4.2: Get current project

Test 4.3: Create complex project data structure
  ✅ PASS: Complex project structure created
    Details: pages=2, widgets=3

Test 4.4: Save complex project
  ✅ PASS: Project save command sent
    Details: response={'success': True, 'message': 'Project saved: test_comprehensive_project.json', 'timestamp': '2026-01-01T23:51:26.271822'}

Test 4.5: Load saved project
  ❌ FAIL: Project load response received
    Details: success=NO RESPONSE

================================================================================
TEST SUITE 5: END-TO-END WORKFLOW
================================================================================

Test 5.1: Ensure clean starting state

Test 5.2: Start acquisition
  ✅ PASS: Workflow step 1: Acquisition started

Test 5.3: Start recording
  ❌ FAIL: Workflow step 2: Recording started

Test 5.4: Enable scheduler/session
  ❌ FAIL: Workflow step 3: Scheduler enabled

Test 5.5: Run workflow for 3 seconds
  ✅ PASS: Workflow running successfully

Test 5.6: Stop recording
  ❌ FAIL: Workflow step 4: Recording stopped

Test 5.7: Disable scheduler

Test 5.8: Stop acquisition
  ❌ FAIL: Workflow step 5: Acquisition stopped
  ✅ PASS: Complete workflow executed successfully
    Details: start → record → session → stop

================================================================================
TEST SUITE 6: RAPID STATE TRANSITION STRESS TEST
================================================================================

Test 6.1: Rapid start/stop cycles (10 iterations)
  ✅ PASS: Rapid state transitions handled correctly
    Details: iterations=10, failures=0

Test 6.2: Concurrent command flood (20 commands)
  ✅ PASS: System handled command flood
    Details: commands=20

================================================================================
TEST SUMMARY
================================================================================

Total Tests: 29
✅ Passed: 15
❌ Failed: 14
Success Rate: 51.7%

Failed Tests:
  ❌ Initial acquisition state is stopped
     acquiring=True
  ❌ Acquisition start command acknowledged
     ack=None
  ❌ Duplicate start command rejected
     ack={'command': 'acquire/start', 'request_id': 'test_start_1', 'success': True, 'timestamp': '2026-01-01T23:50:54.898855'}
  ❌ Acquisition state is now stopped
     acquiring=True
  ❌ Recording started successfully
     response={'success': False, 'message': 'Acquisition not running', 'timestamp': '2026-01-01T23:51:05.844880'}
  ❌ Recording state is active
     recording=False
  ❌ Recording stopped successfully
     response={'success': False, 'message': 'Recording not active', 'timestamp': '2026-01-01T23:51:07.779079'}
  ❌ Config list retrieved
     config_count=0
  ❌ Config save rejected while acquiring
     response=None
  ❌ Project load response received
     success=NO RESPONSE
  ❌ Workflow step 2: Recording started
  ❌ Workflow step 3: Scheduler enabled
  ❌ Workflow step 4: Recording stopped
  ❌ Workflow step 5: Acquisition stopped

📊 Detailed results saved to: C:\Users\User\Documents\Projects\NISystem\tests\test_results_comprehensive.json
